
> architect-ai-platform@0.1.0 build
> react-scripts build

(node:47932) [DEP0176] DeprecationWarning: fs.F_OK is deprecated, use fs.constants.F_OK instead
(Use `node --trace-deprecation ...` to show where the warning was created)
Creating an optimized production build...
Compiled with warnings.

[eslint] 
src\services\aiIntegrationService.js
  Line 1471:1:  Assign instance to a variable before exporting as module default  import/no-anonymous-default-export

src\services\bimService.js
  Line 574:9:   'showGrid' is assigned a value but never used                                               no-unused-vars
  Line 575:9:   'showDimensions' is assigned a value but never used                                         no-unused-vars
  Line 796:36:  Unexpected mix of '&' and '|'. Use parentheses to clarify the intended order of operations  no-mixed-operators
  Line 796:42:  Unexpected mix of '&' and '|'. Use parentheses to clarify the intended order of operations  no-mixed-operators
  Line 848:1:   Assign instance to a variable before exporting as module default                            import/no-anonymous-default-export

src\services\dimensioningService.js
  Line 357:7:  Expected a default case                                           default-case
  Line 487:1:  Assign instance to a variable before exporting as module default  import/no-anonymous-default-export

src\services\openaiService.js
  Line 664:1:  Assign instance to a variable before exporting as module default  import/no-anonymous-default-export

src\services\portfolioStyleDetection.js
  Line 299:1:  Assign instance to a variable before exporting as module default  import/no-anonymous-default-export

src\services\replicateService.js
  Line 13:7:     'REPLICATE_STATUS_URL' is assigned a value but never used         no-unused-vars
  Line 1220:36:  'style' is assigned a value but never used                        no-unused-vars
  Line 1312:1:   Assign instance to a variable before exporting as module default  import/no-anonymous-default-export

Search for the keywords to learn more about each warning.
To ignore, add // eslint-disable-next-line to the line before.

File sizes after gzip:

  121.06 kB  build\static\js\main.75cde28a.js
  6.19 kB    build\static\css\main.1e7eff82.css

The project was built assuming it is hosted at /.
You can control this with the homepage field in your package.json.

The build folder is ready to be deployed.
You may serve it with a static server:

  npm install -g serve
  serve -s build

Find out more about deployment here:

  https://cra.link/deployment

